// Jest Snapshot v1, https://goo.gl/fbAQLP

exports[`<FocusedStatusBar /> renders correctly 1`] = `null`;
